2026-05-24 15:16:53,769 INFO o.a.j.u.JMeterUtils: Setting Locale to en_EN
2026-05-24 15:16:53,835 INFO o.a.j.JMeter: Loading user properties from: F:\SQA\jmeter\apache-jmeter-5.6.3\apache-jmeter-5.6.3\bin\user.properties
2026-05-24 15:16:53,862 INFO o.a.j.JMeter: Loading system properties from: F:\SQA\jmeter\apache-jmeter-5.6.3\apache-jmeter-5.6.3\bin\system.properties
2026-05-24 15:16:53,879 INFO o.a.j.JMeter: Copyright (c) 1998-2024 The Apache Software Foundation
2026-05-24 15:16:53,880 INFO o.a.j.JMeter: Version 5.6.3
2026-05-24 15:16:53,880 INFO o.a.j.JMeter: java.version=21.0.11
2026-05-24 15:16:53,880 INFO o.a.j.JMeter: java.vm.name=Java HotSpot(TM) 64-Bit Server VM
2026-05-24 15:16:53,880 INFO o.a.j.JMeter: os.name=Windows 10
2026-05-24 15:16:53,881 INFO o.a.j.JMeter: os.arch=amd64
2026-05-24 15:16:53,881 INFO o.a.j.JMeter: os.version=10.0
2026-05-24 15:16:53,882 INFO o.a.j.JMeter: file.encoding=UTF-8
2026-05-24 15:16:53,882 INFO o.a.j.JMeter: java.awt.headless=true
2026-05-24 15:16:53,882 INFO o.a.j.JMeter: Max memory     =1073741824
2026-05-24 15:16:53,882 INFO o.a.j.JMeter: Available Processors =8
2026-05-24 15:16:53,904 INFO o.a.j.JMeter: Default Locale=English (EN)
2026-05-24 15:16:53,904 INFO o.a.j.JMeter: JMeter  Locale=English (EN)
2026-05-24 15:16:53,905 INFO o.a.j.JMeter: JMeterHome=F:\SQA\jmeter\apache-jmeter-5.6.3\apache-jmeter-5.6.3
2026-05-24 15:16:53,905 INFO o.a.j.JMeter: user.dir  =F:\SQA\assignment\Performance Load Testing on jmeter
2026-05-24 15:16:53,905 INFO o.a.j.JMeter: PWD       =F:\SQA\assignment\Performance Load Testing on jmeter
2026-05-24 15:16:53,908 INFO o.a.j.JMeter: IP: 192.168.0.105 Name: Fahad FullName: Fahad
2026-05-24 15:16:53,963 INFO o.a.j.JMeter: Setting property 'jmeter.reportgenerator.outputdir' to:'F:\SQA\assignment\Performance Load Testing on jmeter\Reports'
2026-05-24 15:16:53,963 INFO o.a.j.s.FileServer: Default base='F:\SQA\assignment\Performance Load Testing on jmeter'
2026-05-24 15:16:53,963 INFO o.a.j.s.FileServer: Set new base='F:\SQA\assignment\Performance Load Testing on jmeter\.'
2026-05-24 15:16:54,251 INFO o.a.j.s.SaveService: Testplan (JMX) version: 2.2. Testlog (JTL) version: 2.2
2026-05-24 15:16:54,313 INFO o.a.j.s.SaveService: Using SaveService properties version 5.0
2026-05-24 15:16:54,315 INFO o.a.j.s.SaveService: Using SaveService properties file encoding UTF-8
2026-05-24 15:16:54,315 INFO o.a.j.s.SaveService: Loading file: .\dmoney.jmx
2026-05-24 15:16:54,456 INFO o.a.j.p.h.s.HTTPSamplerBase: Parser for text/html is org.apache.jmeter.protocol.http.parser.LagartoBasedHtmlParser
2026-05-24 15:16:54,456 INFO o.a.j.p.h.s.HTTPSamplerBase: Parser for application/xhtml+xml is org.apache.jmeter.protocol.http.parser.LagartoBasedHtmlParser
2026-05-24 15:16:54,456 INFO o.a.j.p.h.s.HTTPSamplerBase: Parser for application/xml is org.apache.jmeter.protocol.http.parser.LagartoBasedHtmlParser
2026-05-24 15:16:54,456 INFO o.a.j.p.h.s.HTTPSamplerBase: Parser for text/xml is org.apache.jmeter.protocol.http.parser.LagartoBasedHtmlParser
2026-05-24 15:16:54,456 INFO o.a.j.p.h.s.HTTPSamplerBase: Parser for text/vnd.wap.wml is org.apache.jmeter.protocol.http.parser.RegexpHTMLParser
2026-05-24 15:16:54,456 INFO o.a.j.p.h.s.HTTPSamplerBase: Parser for text/css is org.apache.jmeter.protocol.http.parser.CssParser
2026-05-24 15:16:54,583 INFO o.a.j.JMeter: Creating summariser <summary>
2026-05-24 15:16:54,592 INFO o.a.j.r.d.ReportGenerator: ReportGenerator will use for Parsing the separator: ','
2026-05-24 15:16:54,592 INFO o.a.j.r.d.ReportGenerator: Will generate report at end of test from  results file: .\dmoney-log.jtl
2026-05-24 15:16:54,592 INFO o.a.j.r.d.ReportGenerator: Reading report generator properties from: F:\SQA\jmeter\apache-jmeter-5.6.3\apache-jmeter-5.6.3\bin\reportgenerator.properties
2026-05-24 15:16:54,602 INFO o.a.j.r.d.ReportGenerator: Merging with JMeter properties
2026-05-24 15:16:54,620 INFO o.a.j.r.c.ReportGeneratorConfiguration: Property 'jmeter.reportgenerator.temp_dir' not found, using default value 'temp' instead.
2026-05-24 15:16:54,620 INFO o.a.j.r.c.ReportGeneratorConfiguration: Property 'jmeter.reportgenerator.apdex_per_transaction' not found, using default value 'null' instead.
2026-05-24 15:16:54,620 INFO o.a.j.r.c.ReportGeneratorConfiguration: apdex_per_transaction is empty, not APDEX per transaction customization
2026-05-24 15:16:54,620 INFO o.a.j.r.c.ReportGeneratorConfiguration: Property 'jmeter.reportgenerator.sample_filter' not found, using default value 'null' instead.
2026-05-24 15:16:54,620 INFO o.a.j.r.c.ReportGeneratorConfiguration: Property 'jmeter.reportgenerator.report_title' not found, using default value 'null' instead.
2026-05-24 15:16:54,620 INFO o.a.j.r.c.ReportGeneratorConfiguration: Property 'jmeter.reportgenerator.start_date' not found, using default value 'null' instead.
2026-05-24 15:16:54,620 INFO o.a.j.r.c.ReportGeneratorConfiguration: Property 'jmeter.reportgenerator.end_date' not found, using default value 'null' instead.
2026-05-24 15:16:54,620 INFO o.a.j.r.c.ReportGeneratorConfiguration: Property 'jmeter.reportgenerator.date_format' not found, using default value 'null' instead.
2026-05-24 15:16:54,620 INFO o.a.j.r.c.ReportGeneratorConfiguration: Will use date range start date: null, end date: null
2026-05-24 15:16:54,634 INFO o.a.j.r.c.ReportGeneratorConfiguration: Property 'jmeter.reportgenerator.graph.totalTPS.exclude_controllers' not found, using default value 'false' instead.
2026-05-24 15:16:54,634 INFO o.a.j.r.c.ReportGeneratorConfiguration: Property 'jmeter.reportgenerator.graph.activeThreadsOverTime.exclude_controllers' not found, using default value 'false' instead.
2026-05-24 15:16:54,634 INFO o.a.j.r.c.ReportGeneratorConfiguration: Property 'jmeter.reportgenerator.graph.timeVsThreads.exclude_controllers' not found, using default value 'false' instead.
2026-05-24 15:16:54,634 INFO o.a.j.r.c.ReportGeneratorConfiguration: Property 'jmeter.reportgenerator.graph.responseTimeDistribution.exclude_controllers' not found, using default value 'false' instead.
2026-05-24 15:16:54,634 INFO o.a.j.r.c.ReportGeneratorConfiguration: Property 'jmeter.reportgenerator.graph.transactionsPerSecond.exclude_controllers' not found, using default value 'false' instead.
2026-05-24 15:16:54,635 INFO o.a.j.r.c.ReportGeneratorConfiguration: Property 'jmeter.reportgenerator.graph.responseTimePercentiles.exclude_controllers' not found, using default value 'false' instead.
2026-05-24 15:16:54,635 INFO o.a.j.r.c.ReportGeneratorConfiguration: Property 'jmeter.reportgenerator.graph.responseTimePercentilesOverTime.exclude_controllers' not found, using default value 'false' instead.
2026-05-24 15:16:54,635 INFO o.a.j.r.c.ReportGeneratorConfiguration: Property 'jmeter.reportgenerator.graph.responseTimesOverTime.exclude_controllers' not found, using default value 'false' instead.
2026-05-24 15:16:54,635 INFO o.a.j.r.c.ReportGeneratorConfiguration: Property 'jmeter.reportgenerator.graph.connectTimeOverTime.exclude_controllers' not found, using default value 'false' instead.
2026-05-24 15:16:54,635 INFO o.a.j.r.c.ReportGeneratorConfiguration: Property 'jmeter.reportgenerator.graph.latenciesOverTime.exclude_controllers' not found, using default value 'false' instead.
2026-05-24 15:16:54,637 INFO o.a.j.r.c.ReportGeneratorConfiguration: Property 'jmeter.reportgenerator.exporter.json.filters_only_sample_series' not found, using default value 'true' instead.
2026-05-24 15:16:54,637 INFO o.a.j.r.c.ReportGeneratorConfiguration: Property 'jmeter.reportgenerator.exporter.json.series_filter' not found, using default value '' instead.
2026-05-24 15:16:54,637 INFO o.a.j.r.c.ReportGeneratorConfiguration: Property 'jmeter.reportgenerator.exporter.json.show_controllers_only' not found, using default value 'false' instead.
2026-05-24 15:16:54,637 INFO o.a.j.r.c.ReportGeneratorConfiguration: Property 'jmeter.reportgenerator.exporter.html.filters_only_sample_series' not found, using default value 'true' instead.
2026-05-24 15:16:54,637 INFO o.a.j.r.c.ReportGeneratorConfiguration: Property 'jmeter.reportgenerator.exporter.html.series_filter' not found, using default value '' instead.
2026-05-24 15:16:54,637 INFO o.a.j.r.c.ReportGeneratorConfiguration: Property 'jmeter.reportgenerator.exporter.html.show_controllers_only' not found, using default value 'false' instead.
2026-05-24 15:16:54,658 INFO o.a.j.e.StandardJMeterEngine: Running the test!
2026-05-24 15:16:54,659 INFO o.a.j.s.SampleEvent: List of sample_variables: []
2026-05-24 15:16:54,659 INFO o.a.j.s.SampleEvent: List of sample_variables: []
2026-05-24 15:16:54,666 INFO o.a.j.e.u.CompoundVariable: Note: Function class names must contain the string: '.functions.'
2026-05-24 15:16:54,666 INFO o.a.j.e.u.CompoundVariable: Note: Function class names must not contain the string: '.gui.'
2026-05-24 15:16:54,894 ERROR o.a.j.p.j.c.DataSourceElement: JDBC data source already defined for: myConnection
2026-05-24 15:16:54,894 ERROR o.a.j.p.j.c.DataSourceElement: JDBC data source already defined for: myConnection
2026-05-24 15:16:54,946 INFO o.a.j.JMeter: Running test (1779614214946)
2026-05-24 15:16:54,979 INFO o.a.j.e.StandardJMeterEngine: Starting ThreadGroup: 1 : Deposit
2026-05-24 15:16:54,980 INFO o.a.j.e.StandardJMeterEngine: Starting 1 threads for group Deposit.
2026-05-24 15:16:54,980 INFO o.a.j.e.StandardJMeterEngine: Thread will continue on error
2026-05-24 15:16:54,980 INFO o.a.j.t.ThreadGroup: Starting thread group... number=1 threads=1 ramp-up=120 delayedStart=false
2026-05-24 15:16:54,988 INFO o.a.j.t.ThreadGroup: Started thread group number 1
2026-05-24 15:16:54,988 INFO o.a.j.e.StandardJMeterEngine: Starting ThreadGroup: 2 : Send Money 
2026-05-24 15:16:54,989 INFO o.a.j.e.StandardJMeterEngine: Starting 1 threads for group Send Money .
2026-05-24 15:16:54,989 INFO o.a.j.e.StandardJMeterEngine: Thread will continue on error
2026-05-24 15:16:54,989 INFO o.a.j.t.ThreadGroup: Starting thread group... number=2 threads=1 ramp-up=120 delayedStart=false
2026-05-24 15:16:54,990 INFO o.a.j.t.ThreadGroup: Started thread group number 2
2026-05-24 15:16:54,991 INFO o.a.j.e.StandardJMeterEngine: Starting ThreadGroup: 3 : Payment
2026-05-24 15:16:54,991 INFO o.a.j.e.StandardJMeterEngine: Starting 1 threads for group Payment.
2026-05-24 15:16:54,991 INFO o.a.j.e.StandardJMeterEngine: Thread will continue on error
2026-05-24 15:16:54,991 INFO o.a.j.t.ThreadGroup: Starting thread group... number=3 threads=1 ramp-up=120 delayedStart=false
2026-05-24 15:16:54,993 INFO o.a.j.t.ThreadGroup: Started thread group number 3
2026-05-24 15:16:54,993 INFO o.a.j.e.StandardJMeterEngine: All thread groups have been started
2026-05-24 15:16:55,036 INFO o.a.j.t.JMeterThread: Thread started: Send Money  2-1
2026-05-24 15:16:55,036 INFO o.a.j.t.JMeterThread: Thread started: Deposit 1-1
2026-05-24 15:16:55,037 INFO o.a.j.t.JMeterThread: Thread started: Payment 3-1
2026-05-24 15:16:55,043 INFO o.a.j.s.FileServer: Stored: F:/SQA/assignment/Performance Load Testing on jmeter/Resource/Deposit.csv
2026-05-24 15:16:55,074 INFO o.a.j.s.FileServer: Stored: F:/SQA/assignment/Performance Load Testing on jmeter/Resource/Sendmoney.csv
2026-05-24 15:16:55,075 INFO o.a.j.s.FileServer: Stored: F:/SQA/assignment/Performance Load Testing on jmeter/Resource/payment.csv
2026-05-24 15:16:55,120 INFO o.a.j.p.h.s.HTTPHCAbstractImpl: Local host = Fahad
2026-05-24 15:16:55,132 INFO o.a.j.p.h.s.HTTPHC4Impl: HTTP request retry count = 0
2026-05-24 15:16:55,145 INFO o.a.j.s.SampleResult: Note: Sample TimeStamps are START times
2026-05-24 15:16:55,145 INFO o.a.j.s.SampleResult: sampleresult.default.encoding is set to UTF-8
2026-05-24 15:16:55,145 INFO o.a.j.s.SampleResult: sampleresult.useNanoTime=true
2026-05-24 15:16:55,145 INFO o.a.j.s.SampleResult: sampleresult.nanoThreadSleep=5000
2026-05-24 15:16:57,774 INFO o.a.j.t.JMeterThread: Thread is done: Payment 3-1
2026-05-24 15:16:57,774 INFO o.a.j.t.JMeterThread: Thread finished: Payment 3-1
2026-05-24 15:16:58,244 INFO o.a.j.t.JMeterThread: Thread is done: Send Money  2-1
2026-05-24 15:16:58,245 INFO o.a.j.t.JMeterThread: Thread finished: Send Money  2-1
2026-05-24 15:16:58,290 INFO o.a.j.t.JMeterThread: Thread is done: Deposit 1-1
2026-05-24 15:16:58,290 INFO o.a.j.t.JMeterThread: Thread finished: Deposit 1-1
2026-05-24 15:16:58,291 INFO o.a.j.e.StandardJMeterEngine: Notifying test listeners of end of test
2026-05-24 15:16:58,291 INFO o.a.j.s.FileServer: Close: F:/SQA/assignment/Performance Load Testing on jmeter/Resource/Sendmoney.csv
2026-05-24 15:16:58,292 INFO o.a.j.s.FileServer: Close: F:/SQA/assignment/Performance Load Testing on jmeter/Resource/payment.csv
2026-05-24 15:16:58,292 INFO o.a.j.s.FileServer: Close: F:/SQA/assignment/Performance Load Testing on jmeter/Resource/Deposit.csv
2026-05-24 15:16:58,302 INFO o.a.j.r.Summariser: summary =    100 in 00:00:03 =   29.8/s Avg:    80 Min:     2 Max:  1234 Err:     9 (9.00%)
2026-05-24 15:16:58,302 INFO o.a.j.JMeter: Generating Dashboard
2026-05-24 15:16:58,303 INFO o.a.j.r.d.ReportGenerator: Flushing result collector before report Generation
2026-05-24 15:16:58,315 INFO o.a.j.r.p.NormalizerSampleConsumer: Using format, 'ms', to parse timeStamp field
2026-05-24 15:16:58,982 INFO o.a.j.r.p.AbstractSampleConsumer: class org.apache.jmeter.report.processor.AggregateConsumer#stopProducing(): beginDate produced 0 samples
2026-05-24 15:16:58,982 INFO o.a.j.r.p.AbstractSampleConsumer: class org.apache.jmeter.report.processor.AggregateConsumer#stopProducing(): endDate produced 0 samples
2026-05-24 15:16:59,202 INFO o.a.j.r.p.AbstractSampleConsumer: class org.apache.jmeter.report.processor.ApdexSummaryConsumer#stopProducing(): apdexSummary produced 0 samples
2026-05-24 15:16:59,203 INFO o.a.j.r.p.AbstractSampleConsumer: class org.apache.jmeter.report.processor.RequestsSummaryConsumer#stopProducing(): requestsSummary produced 0 samples
2026-05-24 15:16:59,309 INFO o.a.j.r.p.AbstractSampleConsumer: class org.apache.jmeter.report.processor.StatisticsSummaryConsumer#stopProducing(): statisticsSummary produced 0 samples
2026-05-24 15:16:59,312 INFO o.a.j.r.p.AbstractSampleConsumer: class org.apache.jmeter.report.processor.Top5ErrorsBySamplerConsumer#stopProducing(): top5ErrorsBySampler produced 0 samples
2026-05-24 15:16:59,312 INFO o.a.j.r.p.AbstractSampleConsumer: class org.apache.jmeter.report.processor.ErrorsSummaryConsumer#stopProducing(): errorsSummary produced 0 samples
2026-05-24 15:16:59,312 INFO o.a.j.r.p.AbstractSampleConsumer: class org.apache.jmeter.report.processor.graph.impl.HitsPerSecondGraphConsumer#stopProducing(): hitsPerSecond produced 0 samples
2026-05-24 15:16:59,335 INFO o.a.j.r.p.AbstractSampleConsumer: class org.apache.jmeter.report.processor.graph.impl.LatencyVSRequestGraphConsumer#stopProducing(): latencyVsRequest produced 0 samples
2026-05-24 15:16:59,336 INFO o.a.j.r.p.AbstractSampleConsumer: class org.apache.jmeter.report.processor.graph.impl.SyntheticResponseTimeDistributionGraphConsumer#stopProducing(): syntheticResponseTimeDistribution produced 0 samples
2026-05-24 15:16:59,336 INFO o.a.j.r.p.AbstractSampleConsumer: class org.apache.jmeter.report.processor.graph.impl.BytesThroughputGraphConsumer#stopProducing(): bytesThroughputOverTime produced 0 samples
2026-05-24 15:16:59,336 INFO o.a.j.r.p.AbstractSampleConsumer: class org.apache.jmeter.report.processor.graph.impl.CodesPerSecondGraphConsumer#stopProducing(): codesPerSecond produced 0 samples
2026-05-24 15:16:59,344 INFO o.a.j.r.p.AbstractSampleConsumer: class org.apache.jmeter.report.processor.graph.impl.ResponseTimeVSRequestGraphConsumer#stopProducing(): responseTimeVsRequest produced 0 samples
2026-05-24 15:16:59,345 INFO o.a.j.r.p.AbstractSampleConsumer: class org.apache.jmeter.report.processor.FilterConsumer#stopProducing(): startIntervalControlerFilter produced 700 samples
2026-05-24 15:16:59,345 INFO o.a.j.r.p.AbstractSampleConsumer: class org.apache.jmeter.report.processor.graph.impl.TotalTPSGraphConsumer#stopProducing(): totalTPS produced 0 samples
2026-05-24 15:16:59,346 INFO o.a.j.r.p.AbstractSampleConsumer: class org.apache.jmeter.report.processor.graph.impl.ActiveThreadsGraphConsumer#stopProducing(): activeThreadsOverTime produced 0 samples
2026-05-24 15:16:59,346 INFO o.a.j.r.p.AbstractSampleConsumer: class org.apache.jmeter.report.processor.graph.impl.TimeVSThreadGraphConsumer#stopProducing(): timeVsThreads produced 0 samples
2026-05-24 15:16:59,347 INFO o.a.j.r.p.AbstractSampleConsumer: class org.apache.jmeter.report.processor.graph.impl.ResponseTimeDistributionGraphConsumer#stopProducing(): responseTimeDistribution produced 0 samples
2026-05-24 15:16:59,347 INFO o.a.j.r.p.AbstractSampleConsumer: class org.apache.jmeter.report.processor.graph.impl.TransactionsPerSecondGraphConsumer#stopProducing(): transactionsPerSecond produced 0 samples
2026-05-24 15:16:59,347 INFO o.a.j.r.p.AbstractSampleConsumer: class org.apache.jmeter.report.processor.graph.impl.ResponseTimePercentilesGraphConsumer#stopProducing(): responseTimePercentiles produced 0 samples
2026-05-24 15:16:59,353 INFO o.a.j.r.p.AbstractSampleConsumer: class org.apache.jmeter.report.processor.graph.impl.ResponseTimePercentilesOverTimeGraphConsumer#stopProducing(): responseTimePercentilesOverTime produced 0 samples
2026-05-24 15:16:59,353 INFO o.a.j.r.p.AbstractSampleConsumer: class org.apache.jmeter.report.processor.graph.impl.ResponseTimeOverTimeGraphConsumer#stopProducing(): responseTimesOverTime produced 0 samples
2026-05-24 15:16:59,354 INFO o.a.j.r.p.AbstractSampleConsumer: class org.apache.jmeter.report.processor.graph.impl.ConnectTimeOverTimeGraphConsumer#stopProducing(): connectTimeOverTime produced 0 samples
2026-05-24 15:16:59,354 INFO o.a.j.r.p.AbstractSampleConsumer: class org.apache.jmeter.report.processor.graph.impl.LatencyOverTimeGraphConsumer#stopProducing(): latenciesOverTime produced 0 samples
2026-05-24 15:16:59,354 INFO o.a.j.r.p.AbstractSampleConsumer: class org.apache.jmeter.report.processor.FilterConsumer#stopProducing(): nameFilter produced 1500 samples
2026-05-24 15:16:59,354 INFO o.a.j.r.p.AbstractSampleConsumer: class org.apache.jmeter.report.processor.FilterConsumer#stopProducing(): dateRangeFilter produced 300 samples
2026-05-24 15:16:59,354 INFO o.a.j.r.p.AbstractSampleConsumer: class org.apache.jmeter.report.processor.NormalizerSampleConsumer#stopProducing(): normalizer produced 100 samples
2026-05-24 15:16:59,355 INFO o.a.j.r.p.CsvFileSampleSource: produce(): 100 samples produced in 945ms on channel 0
2026-05-24 15:16:59,356 INFO o.a.j.r.d.ReportGenerator: Exporting data using exporter:'json' of className:'org.apache.jmeter.report.dashboard.JsonExporter'
2026-05-24 15:16:59,892 INFO o.a.j.r.d.JsonExporter: Found data for consumer statisticsSummary in context
2026-05-24 15:16:59,892 INFO o.a.j.r.d.JsonExporter: Creating statistics for overall
2026-05-24 15:16:59,893 INFO o.a.j.r.d.JsonExporter: Creating statistics for other transactions
2026-05-24 15:16:59,893 INFO o.a.j.r.d.JsonExporter: Checking output folder
2026-05-24 15:16:59,894 INFO o.a.j.r.d.JsonExporter: Writing statistics JSON to F:\SQA\assignment\Performance Load Testing on jmeter\Reports\statistics.json
2026-05-24 15:16:59,958 INFO o.a.j.r.d.ReportGenerator: Exporting data using exporter:'html' of className:'org.apache.jmeter.report.dashboard.HtmlTemplateExporter'
2026-05-24 15:16:59,961 INFO o.a.j.r.d.HtmlTemplateExporter: Will generate dashboard in folder: F:\SQA\assignment\Performance Load Testing on jmeter\Reports
2026-05-24 15:17:00,291 INFO o.a.j.r.d.HtmlTemplateExporter: Report will be generated in: F:\SQA\assignment\Performance Load Testing on jmeter\Reports, creating folder structure
2026-05-24 15:17:00,310 INFO o.a.j.r.d.TemplateVisitor: Copying folder from 'F:\SQA\jmeter\apache-jmeter-5.6.3\apache-jmeter-5.6.3\bin\report-template' to 'F:\SQA\assignment\Performance Load Testing on jmeter\Reports', got message: F:\SQA\assignment\Performance Load Testing on jmeter\Reports, found non empty folder with following content [F:\SQA\assignment\Performance Load Testing on jmeter\Reports\statistics.json], will be ignored
2026-05-24 15:17:06,167 INFO o.a.j.JMeter: Dashboard generated
